// Jest Snapshot v1, https://goo.gl/fbAQLP

exports[`DatePicker component testing DatePicker 1`] = `
<DocumentFragment>
  <div
    class="sc-bdvvtL hzVvNx"
  >
    <div
      class="SingleDatePicker SingleDatePicker_1"
    >
      <div>
        <div
          class="SingleDatePickerInput SingleDatePickerInput_1 SingleDatePickerInput__withBorder SingleDatePickerInput__withBorder_2"
        >
          <div
            class="DateInput DateInput_1"
          >
            <input
              aria-describedby="DateInput__screen-reader-message-datePicker"
              aria-label="Date"
              autocomplete="off"
              class="DateInput_input DateInput_input_1"
              id="datePicker"
              name="datePicker"
              placeholder="Date"
              type="text"
              value=""
            />
            <p
              class="DateInput_screenReaderMessage DateInput_screenReaderMessage_1"
              id="DateInput__screen-reader-message-datePicker"
            >
              Navigate forward to interact with the calendar and select a date. Press the question mark key to get the keyboard shortcuts for changing dates.
            </p>
          </div>
        </div>
      </div>
    </div>
  </div>
</DocumentFragment>
`;
