// Jest Snapshot v1, https://goo.gl/fbAQLP

exports[`Tooltip component testing Tooltip 1`] = `
<DocumentFragment>
  <div>
    text
  </div>
  <div
    class="sc-gsDJrp jBvFuN sc-dkPtyc dofLgo fade-transition-appear fade-transition-appear-active"
    style="position: absolute; left: 0px; top: 0px;"
  >
    tooltip text
    <div
      class="sc-bdvvaa brCQio"
      data-popper-arrow="true"
    />
  </div>
</DocumentFragment>
`;
