// Jest Snapshot v1, https://goo.gl/fbAQLP

exports[`Tooltip component testing Tooltip 1`] = `
<DocumentFragment>
  <div>
    text
  </div>
  <div
    class="sc-AxirZ iYJLF sc-AxiKw gVORbU"
    style="position: absolute; left: 0px; top: 0px;"
  >
    tooltip text
    <div
      class="sc-AxjAm iHJmte"
      data-popper-arrow="true"
    />
  </div>
</DocumentFragment>
`;
