// Jest Snapshot v1, https://goo.gl/fbAQLP

exports[`SplitAnnotation component testing ActionButton 1`] = `
<DocumentFragment>
  <div
    class="sc-dlfnuX gxKXey"
    display="flex"
  >
    <div
      class="sc-bdfBQB esrWYZ"
    />
    <hr
      class="sc-gsTEea jGcROG"
      color="#B3BAC1"
      orientation="vertical"
    />
    <div
      class="sc-bdfBQB esrWYZ"
    />
    <div
      class="sc-hKgJUU kHmZud"
    >
      Annnotation
    </div>
  </div>
</DocumentFragment>
`;
