// Jest Snapshot v1, https://goo.gl/fbAQLP

exports[`SplitAnnotation component testing ActionButton 1`] = `
<DocumentFragment>
  <div
    class="sc-dkzDqf kOOBXZ"
    display="flex"
  >
    <div
      class="sc-bczRLJ guevgz"
    />
    <hr
      class="sc-gsnTZi ddyAZm"
      color="#B3BAC1"
      orientation="vertical"
    />
    <div
      class="sc-bczRLJ guevgz"
    />
    <div
      class="sc-hKMtZM krMSOe"
    >
      Annnotation
    </div>
  </div>
</DocumentFragment>
`;
