// Jest Snapshot v1, https://goo.gl/fbAQLP

exports[`Table component testing Table 1`] = `
<DocumentFragment>
  <table
    class="sc-AxgMl irKSqk"
  >
    <tbody>
      <tr>
        <th
          class="sc-AxhCb jydzwA"
          width="177px"
        >
          <div
            class="sc-AxiKw bJqPYy"
            display="flex"
          >
            <p
              class="sc-AxirZ extcGX"
              color="#041C33"
              font-size="14px"
            >
              タイトル
            </p>
            <div
              class="sc-AxhUy JOSzx"
            >
              <p
                class="sc-AxirZ cmrQJL"
                color="#FFFFFF"
                font-size="12px"
              >
                必須
              </p>
            </div>
          </div>
        </th>
        <td
          class="sc-AxjAm grdUlG"
          width="auto"
        >
          コンテンツ
        </td>
      </tr>
      <tr>
        <th
          class="sc-AxhCb jydzwA"
          width="177px"
        >
          <div
            class="sc-AxiKw eXNMil"
            display="flex"
          >
            <p
              class="sc-AxirZ extcGX"
              color="#041C33"
              font-size="14px"
            >
              タイトル
            </p>
          </div>
        </th>
        <td
          class="sc-AxjAm grdUlG"
          width="auto"
        >
          コンテンツ
        </td>
      </tr>
      <tr>
        <th
          class="sc-AxhCb jydzwA"
          width="177px"
        >
          <div
            class="sc-AxiKw eXNMil"
            display="flex"
          >
            <p
              class="sc-AxirZ extcGX"
              color="#041C33"
              font-size="14px"
            >
              タイトル
            </p>
          </div>
        </th>
        <td
          class="sc-AxjAm grdUlG"
          width="auto"
        >
          コンテンツ
        </td>
      </tr>
    </tbody>
  </table>
</DocumentFragment>
`;
