// Jest Snapshot v1, https://goo.gl/fbAQLP

exports[`Table component testing Table 1`] = `
<DocumentFragment>
  <table
    class="sc-eCImPb hTNeJW"
  >
    <tbody>
      <tr
        class="sc-dkPtRN gdWhAf"
      >
        <th
          class="sc-hKwDye drDPGO"
          width="177px"
        >
          <div
            class="sc-bdvvtL enNbws"
            color="#041C33"
            font-size="14px"
          >
            Title
          </div>
        </th>
        <td
          class="sc-gsDKAQ chzLmV"
          width="auto"
        >
          <div
            class="sc-bdvvtL euPFjW"
            color="#041C33"
            font-size="14px"
          >
            Content
          </div>
        </td>
      </tr>
      <tr
        class="sc-dkPtRN gdWhAf"
      >
        <th
          class="sc-hKwDye drDPGO"
          width="177px"
        >
          <div
            class="sc-bdvvtL enNbws"
            color="#041C33"
            font-size="14px"
          >
            Title
          </div>
        </th>
        <td
          class="sc-gsDKAQ chzLmV"
          width="auto"
        >
          <div
            class="sc-bdvvtL euPFjW"
            color="#041C33"
            font-size="14px"
          >
            Content
          </div>
        </td>
      </tr>
      <tr
        class="sc-dkPtRN gdWhAf"
      >
        <th
          class="sc-hKwDye drDPGO"
          width="177px"
        >
          <div
            class="sc-bdvvtL enNbws"
            color="#041C33"
            font-size="14px"
          >
            Title
          </div>
        </th>
        <td
          class="sc-gsDKAQ chzLmV"
          width="auto"
        >
          <div
            class="sc-bdvvtL euPFjW"
            color="#041C33"
            font-size="14px"
          >
            Content
          </div>
        </td>
      </tr>
    </tbody>
  </table>
</DocumentFragment>
`;
