// Jest Snapshot v1, https://goo.gl/fbAQLP

exports[`MenuList component testing MenuList splited 1`] = `
<DocumentFragment>
  <div
    class="sc-AxjAm BheQN"
  >
    <div
      class="sc-AxhUy btMKRS"
    >
      <hr
        class="sc-AxiKw bZvwrP"
      />
    </div>
    <div
      class="sc-AxirZ goUFkV"
    >
      <p
        class="sc-AxhCb kdcBdC"
        color="#041C33"
        font-size="13px"
      >
        保存する
      </p>
    </div>
    <div
      class="sc-AxirZ goUFkV"
    >
      <p
        class="sc-AxhCb kdcBdC"
        color="#041C33"
        font-size="13px"
      >
        保存して実行する
      </p>
    </div>
    <div
      class="sc-AxhUy btMKRS"
    >
      <hr
        class="sc-AxiKw bZvwrP"
      />
    </div>
    <div
      class="sc-AxirZ goUFkV"
    >
      <p
        class="sc-AxhCb kdcBdC"
        color="#041C33"
        font-size="13px"
      >
        下書きとして保存する
      </p>
    </div>
    <div
      class="sc-AxirZ goUFkV"
    >
      <p
        class="sc-AxhCb kdcBdC"
        color="#041C33"
        font-size="13px"
      >
        やっぱり何もしない
      </p>
    </div>
  </div>
</DocumentFragment>
`;
