// Jest Snapshot v1, https://goo.gl/fbAQLP

exports[`MenuList component testing MenuList splited 1`] = `
<DocumentFragment>
  <div
    class="sc-gtsrHT eqjJk"
  >
    <div
      class="sc-dlnjwi dFwjpD"
    >
      <p
        class="sc-bdnxRM faVdyC"
        color="#596978"
        font-size="12px"
      >
        Title
      </p>
    </div>
    <div
      class="sc-eCApnc jkKmtU"
    >
      <p
        class="sc-bdnxRM VaXn sc-hKFxyN"
        color="#041C33"
        font-size="13px"
      >
        Save
      </p>
    </div>
    <hr
      class="sc-jSFjdj dXTWwT"
      color="#E2E8EA"
      orientation="horizontal"
    />
    <div
      class="sc-eCApnc jkKmtU"
    >
      <p
        class="sc-bdnxRM VaXn sc-hKFxyN"
        color="#041C33"
        font-size="13px"
      >
        Save and execute
      </p>
    </div>
    <div
      class="sc-eCApnc bLLeJv"
    >
      <p
        class="sc-bdnxRM kZYJaa sc-hKFxyN"
        color="#EB0A4E"
        font-size="13px"
      >
        Save as draft
      </p>
    </div>
    <div
      class="sc-eCApnc hroIvm"
      disabled=""
    >
      <p
        class="sc-bdnxRM fyhWjd sc-hKFxyN"
        color="#B3BAC1"
        font-size="13px"
      >
        Cancel
      </p>
    </div>
  </div>
</DocumentFragment>
`;
