// Jest Snapshot v1, https://goo.gl/fbAQLP

exports[`Switch component testing Switch 1`] = `
<DocumentFragment>
  <div
    class="sc-bdnxRM bUlYYs"
  >
    <div
      class="sc-gtsrHT eqtiEe"
    >
      <div
        class="sc-jSFjdj eWDtQo"
        style="left: 0px; width: 0px;"
      />
      <div
        class="sc-dlnjwi eDQjv"
      >
        <div
          class="sc-eCApnc ciwgBK"
        >
          <span
            class="sc-iCoGMd hrvDrf"
            color="#596978"
            font-size="13px"
          >
            Hoge
          </span>
        </div>
        <div
          class="sc-eCApnc ciwgBK"
        >
          <span
            class="sc-iCoGMd gkrjAN"
            color="#596978"
            font-size="13px"
          >
            Fuga
          </span>
        </div>
      </div>
    </div>
  </div>
</DocumentFragment>
`;
