// Jest Snapshot v1, https://goo.gl/fbAQLP

exports[`Switch component testing Switch 1`] = `
<DocumentFragment>
  <div
    class="sc-bdvvaa exGBBL"
  >
    <div
      class="sc-gsDJrp dmkRxm"
    >
      <div
        class="sc-jRQAMF wnGRa"
        style="left: 0px; width: 0px;"
      />
      <div
        class="sc-dkPtyc dtyAve"
      >
        <div
          class="sc-eCImvq dyGqof"
        >
          <span
            class="sc-iCfLBT bAJKuM"
            color="#596978"
            font-size="13px"
          >
            Hoge
          </span>
        </div>
        <div
          class="sc-eCImvq dyGqof"
        >
          <span
            class="sc-iCfLBT fmmPSa"
            color="#596978"
            font-size="13px"
          >
            Fuga
          </span>
        </div>
      </div>
    </div>
  </div>
</DocumentFragment>
`;
