// Jest Snapshot v1, https://goo.gl/fbAQLP

exports[`FloatingTip component testing FloatingTip 1`] = `
<DocumentFragment>
  <div
    class="sc-eCssSg ioVQIi"
  >
    <div
      class="sc-jSgupP chBgga sc-gKsewC bqPMTN fade-transition-appear fade-transition-appear-active"
    />
    <div
      class="sc-hKgILt lhwSut"
      style="position: absolute; left: 0px; top: 0px;"
    >
      <div
        class="sc-bdfBwQ lkxQtL"
      >
        <div
          class="sc-gsTCUz bPayQM"
        >
          <div>
            hoge
          </div>
        </div>
        <div
          class="sc-dlfnbm kwKhCi"
        >
          <div
            class="sc-iBPRYJ idfKxT"
            size="18"
          >
            <svg
              viewBox="0 0 24 24"
              xmlns="http://www.w3.org/2000/svg"
            >
              <rect
                fill="#041C33"
                height="23.141"
                transform="translate(18.364 2) rotate(45)"
                width="5.142"
              />
              <rect
                fill="#041C33"
                height="23.141"
                transform="translate(2 5.636) rotate(-45)"
                width="5.143"
              />
            </svg>
          </div>
        </div>
      </div>
    </div>
  </div>
</DocumentFragment>
`;
