// Jest Snapshot v1, https://goo.gl/fbAQLP

exports[`DataTable component testing DataTable 1`] = `
<DocumentFragment>
  <div
    class="sc-bdfBwQ fVMqjX"
  >
    <div
      class="sc-gsTCUz jYMVSw"
    >
      <div
        class="sc-dlfnbm kBeuhl"
      >
        <table
          class="sc-dmlrTW iYQxOO"
        >
          <thead>
            <tr
              class="sc-hHftDr fbfpMz"
            >
              <th
                class="sc-kEjbxe hTUOUc"
                width="auto"
              >
                <div
                  class="sc-hKgILt fUsDsi"
                  display="flex"
                >
                  <div
                    class="sc-gKsewC bfcIpf"
                    color="#041C33"
                    font-size="14px"
                  >
                    A
                  </div>
                </div>
              </th>
              <th
                class="sc-kEjbxe hTUOUc"
                width="auto"
              >
                <div
                  class="sc-hKgILt fUsDsi"
                  display="flex"
                >
                  <div
                    class="sc-gKsewC bfcIpf"
                    color="#041C33"
                    font-size="14px"
                  >
                    B
                  </div>
                </div>
              </th>
            </tr>
          </thead>
          <tbody>
            <tr
              class="sc-hHftDr fbfpMz"
            >
              <td
                class="sc-dIUggk gMPBbE"
                rowspan="1"
                width="auto"
              >
                <p
                  class="sc-gKsewC cMjHyx"
                  color="#041C33"
                  font-size="14px"
                >
                  name1
                </p>
              </td>
              <td
                class="sc-dIUggk gMPBbE"
                rowspan="1"
                width="auto"
              >
                <p
                  class="sc-gKsewC cMjHyx"
                  color="#041C33"
                  font-size="14px"
                >
                  name1
                </p>
              </td>
            </tr>
            <tr
              class="sc-hHftDr fbfpMz"
            >
              <td
                class="sc-dIUggk gMPBbE"
                rowspan="1"
                width="auto"
              >
                <p
                  class="sc-gKsewC cMjHyx"
                  color="#041C33"
                  font-size="14px"
                >
                  name2
                </p>
              </td>
              <td
                class="sc-dIUggk gMPBbE"
                rowspan="1"
                width="auto"
              >
                <p
                  class="sc-gKsewC cMjHyx"
                  color="#041C33"
                  font-size="14px"
                >
                  name2
                </p>
              </td>
            </tr>
          </tbody>
        </table>
      </div>
    </div>
  </div>
</DocumentFragment>
`;
