// Jest Snapshot v1, https://goo.gl/fbAQLP

exports[`DataTable component testing DataTable 1`] = `
<DocumentFragment>
  <div
    class="sc-bXdtCk jeLtIb"
  >
    <div
      class="sc-hKDTPf eUbqAx"
    >
      <div
        class="sc-fmZSGO jUfHCQ"
        maxheight="none"
      >
        <table
          class="sc-fGlNzy ejsBHO"
        >
          <thead>
            <tr
              class="sc-eGjrzz cbZUBI"
              verticalspacing="medium"
            >
              <th
                class="sc-llIIlC kfgfRG"
                width="auto"
              >
                <div
                  alignitems="center"
                  class="sc-gwsNht dCmri"
                  display="flex"
                >
                  <div
                    align="left"
                    class="sc-dYOLZc bVfpnL"
                    color="#041C33"
                    font-size="14px"
                    lineheight="1.4"
                    weight="bold"
                  >
                    A
                  </div>
                </div>
              </th>
              <th
                class="sc-llIIlC kfgfRG"
                width="auto"
              >
                <div
                  alignitems="center"
                  class="sc-gwsNht dCmri"
                  display="flex"
                >
                  <div
                    align="left"
                    class="sc-dYOLZc bVfpnL"
                    color="#041C33"
                    font-size="14px"
                    lineheight="1.4"
                    weight="bold"
                  >
                    B
                  </div>
                </div>
              </th>
            </tr>
          </thead>
          <tbody>
            <tr
              class="sc-eGjrzz cbZUBI"
              verticalspacing="medium"
            >
              <td
                class="sc-iLBnws hrPQvy"
                rowspan="1"
                width="auto"
              >
                <p
                  align="left"
                  class="sc-dYOLZc jonfzR"
                  color="#041C33"
                  font-size="14px"
                  lineheight="1.4"
                  weight="normal"
                >
                  name1
                </p>
              </td>
              <td
                class="sc-iLBnws hrPQvy"
                rowspan="1"
                width="auto"
              >
                <p
                  align="left"
                  class="sc-dYOLZc jonfzR"
                  color="#041C33"
                  font-size="14px"
                  lineheight="1.4"
                  weight="normal"
                >
                  name1
                </p>
              </td>
            </tr>
            <tr
              class="sc-eGjrzz cbZUBI"
              verticalspacing="medium"
            >
              <td
                class="sc-iLBnws hrPQvy"
                rowspan="1"
                width="auto"
              >
                <p
                  align="left"
                  class="sc-dYOLZc jonfzR"
                  color="#041C33"
                  font-size="14px"
                  lineheight="1.4"
                  weight="normal"
                >
                  name2
                </p>
              </td>
              <td
                class="sc-iLBnws hrPQvy"
                rowspan="1"
                width="auto"
              >
                <p
                  align="left"
                  class="sc-dYOLZc jonfzR"
                  color="#041C33"
                  font-size="14px"
                  lineheight="1.4"
                  weight="normal"
                >
                  name2
                </p>
              </td>
            </tr>
          </tbody>
        </table>
      </div>
    </div>
  </div>
</DocumentFragment>
`;
