// Jest Snapshot v1, https://goo.gl/fbAQLP

exports[`WeekTime component testing WeekTime 1`] = `
<DocumentFragment>
  <div
    class="sc-bXdtCk"
  >
    <div
      class="sc-fmZSGO hjJzSx"
    >
      <div
        class="sc-gwsNht sc-hoLldG fSikiQ cOGtZj"
      />
      <div
        class="sc-gwsNht sc-jMpmlX fSikiQ cuctCX"
      >
        0
      </div>
      <div
        class="sc-gwsNht sc-jMpmlX fSikiQ cuctCX"
      >
        1
      </div>
      <div
        class="sc-gwsNht sc-jMpmlX fSikiQ cuctCX"
      >
        2
      </div>
      <div
        class="sc-gwsNht sc-jMpmlX fSikiQ cuctCX"
      >
        3
      </div>
      <div
        class="sc-gwsNht sc-jMpmlX fSikiQ cuctCX"
      >
        4
      </div>
      <div
        class="sc-gwsNht sc-jMpmlX fSikiQ cuctCX"
      >
        5
      </div>
      <div
        class="sc-gwsNht sc-jMpmlX fSikiQ cuctCX"
      >
        6
      </div>
      <div
        class="sc-gwsNht sc-jMpmlX fSikiQ cuctCX"
      >
        7
      </div>
      <div
        class="sc-gwsNht sc-jMpmlX fSikiQ cuctCX"
      >
        8
      </div>
      <div
        class="sc-gwsNht sc-jMpmlX fSikiQ cuctCX"
      >
        9
      </div>
      <div
        class="sc-gwsNht sc-jMpmlX fSikiQ cuctCX"
      >
        10
      </div>
      <div
        class="sc-gwsNht sc-jMpmlX fSikiQ cuctCX"
      >
        11
      </div>
      <div
        class="sc-gwsNht sc-jMpmlX fSikiQ cuctCX"
      >
        12
      </div>
      <div
        class="sc-gwsNht sc-jMpmlX fSikiQ cuctCX"
      >
        13
      </div>
      <div
        class="sc-gwsNht sc-jMpmlX fSikiQ cuctCX"
      >
        14
      </div>
      <div
        class="sc-gwsNht sc-jMpmlX fSikiQ cuctCX"
      >
        15
      </div>
      <div
        class="sc-gwsNht sc-jMpmlX fSikiQ cuctCX"
      >
        16
      </div>
      <div
        class="sc-gwsNht sc-jMpmlX fSikiQ cuctCX"
      >
        17
      </div>
      <div
        class="sc-gwsNht sc-jMpmlX fSikiQ cuctCX"
      >
        18
      </div>
      <div
        class="sc-gwsNht sc-jMpmlX fSikiQ cuctCX"
      >
        19
      </div>
      <div
        class="sc-gwsNht sc-jMpmlX fSikiQ cuctCX"
      >
        20
      </div>
      <div
        class="sc-gwsNht sc-jMpmlX fSikiQ cuctCX"
      >
        21
      </div>
      <div
        class="sc-gwsNht sc-jMpmlX fSikiQ cuctCX"
      >
        22
      </div>
      <div
        class="sc-gwsNht sc-jMpmlX fSikiQ cuctCX"
      >
        23
      </div>
      <div
        class="sc-gwsNht sc-dYOLZc fSikiQ bVLHzr"
      >
        Mon
      </div>
      <span
        class="sc-hKDTPf deerDl"
      />
      <span
        class="sc-hKDTPf deerDl"
      />
      <span
        class="sc-hKDTPf deerDl"
      />
      <span
        class="sc-hKDTPf deerDl"
      />
      <span
        class="sc-hKDTPf deerDl"
      />
      <span
        class="sc-hKDTPf deerDl"
      />
      <span
        class="sc-hKDTPf deerDl"
      />
      <span
        class="sc-hKDTPf deerDl"
      />
      <span
        class="sc-hKDTPf deerDl"
      />
      <span
        class="sc-hKDTPf deerDl"
      />
      <span
        class="sc-hKDTPf deerDl"
      />
      <span
        class="sc-hKDTPf deerDl"
      />
      <span
        class="sc-hKDTPf deerDl"
      />
      <span
        class="sc-hKDTPf deerDl"
      />
      <span
        class="sc-hKDTPf deerDl"
      />
      <span
        class="sc-hKDTPf deerDl"
      />
      <span
        class="sc-hKDTPf deerDl"
      />
      <span
        class="sc-hKDTPf deerDl"
      />
      <span
        class="sc-hKDTPf deerDl"
      />
      <span
        class="sc-hKDTPf deerDl"
      />
      <span
        class="sc-hKDTPf deerDl"
      />
      <span
        class="sc-hKDTPf deerDl"
      />
      <span
        class="sc-hKDTPf deerDl"
      />
      <span
        class="sc-hKDTPf deerDl"
      />
      <div
        class="sc-gwsNht sc-dYOLZc fSikiQ bVLHzr"
      >
        Tue
      </div>
      <span
        class="sc-hKDTPf deerDl"
      />
      <span
        class="sc-hKDTPf deerDl"
      />
      <span
        class="sc-hKDTPf deerDl"
      />
      <span
        class="sc-hKDTPf deerDl"
      />
      <span
        class="sc-hKDTPf deerDl"
      />
      <span
        class="sc-hKDTPf deerDl"
      />
      <span
        class="sc-hKDTPf deerDl"
      />
      <span
        class="sc-hKDTPf deerDl"
      />
      <span
        class="sc-hKDTPf deerDl"
      />
      <span
        class="sc-hKDTPf deerDl"
      />
      <span
        class="sc-hKDTPf deerDl"
      />
      <span
        class="sc-hKDTPf deerDl"
      />
      <span
        class="sc-hKDTPf deerDl"
      />
      <span
        class="sc-hKDTPf deerDl"
      />
      <span
        class="sc-hKDTPf deerDl"
      />
      <span
        class="sc-hKDTPf deerDl"
      />
      <span
        class="sc-hKDTPf deerDl"
      />
      <span
        class="sc-hKDTPf deerDl"
      />
      <span
        class="sc-hKDTPf deerDl"
      />
      <span
        class="sc-hKDTPf deerDl"
      />
      <span
        class="sc-hKDTPf deerDl"
      />
      <span
        class="sc-hKDTPf deerDl"
      />
      <span
        class="sc-hKDTPf deerDl"
      />
      <span
        class="sc-hKDTPf deerDl"
      />
      <div
        class="sc-gwsNht sc-dYOLZc fSikiQ bVLHzr"
      >
        Wed
      </div>
      <span
        class="sc-hKDTPf deerDl"
      />
      <span
        class="sc-hKDTPf deerDl"
      />
      <span
        class="sc-hKDTPf deerDl"
      />
      <span
        class="sc-hKDTPf deerDl"
      />
      <span
        class="sc-hKDTPf deerDl"
      />
      <span
        class="sc-hKDTPf deerDl"
      />
      <span
        class="sc-hKDTPf deerDl"
      />
      <span
        class="sc-hKDTPf deerDl"
      />
      <span
        class="sc-hKDTPf deerDl"
      />
      <span
        class="sc-hKDTPf deerDl"
      />
      <span
        class="sc-hKDTPf deerDl"
      />
      <span
        class="sc-hKDTPf deerDl"
      />
      <span
        class="sc-hKDTPf deerDl"
      />
      <span
        class="sc-hKDTPf deerDl"
      />
      <span
        class="sc-hKDTPf deerDl"
      />
      <span
        class="sc-hKDTPf deerDl"
      />
      <span
        class="sc-hKDTPf deerDl"
      />
      <span
        class="sc-hKDTPf deerDl"
      />
      <span
        class="sc-hKDTPf deerDl"
      />
      <span
        class="sc-hKDTPf deerDl"
      />
      <span
        class="sc-hKDTPf deerDl"
      />
      <span
        class="sc-hKDTPf deerDl"
      />
      <span
        class="sc-hKDTPf deerDl"
      />
      <span
        class="sc-hKDTPf deerDl"
      />
      <div
        class="sc-gwsNht sc-dYOLZc fSikiQ bVLHzr"
      >
        Thu
      </div>
      <span
        class="sc-hKDTPf deerDl"
      />
      <span
        class="sc-hKDTPf deerDl"
      />
      <span
        class="sc-hKDTPf deerDl"
      />
      <span
        class="sc-hKDTPf deerDl"
      />
      <span
        class="sc-hKDTPf deerDl"
      />
      <span
        class="sc-hKDTPf deerDl"
      />
      <span
        class="sc-hKDTPf deerDl"
      />
      <span
        class="sc-hKDTPf deerDl"
      />
      <span
        class="sc-hKDTPf deerDl"
      />
      <span
        class="sc-hKDTPf deerDl"
      />
      <span
        class="sc-hKDTPf deerDl"
      />
      <span
        class="sc-hKDTPf deerDl"
      />
      <span
        class="sc-hKDTPf deerDl"
      />
      <span
        class="sc-hKDTPf deerDl"
      />
      <span
        class="sc-hKDTPf deerDl"
      />
      <span
        class="sc-hKDTPf deerDl"
      />
      <span
        class="sc-hKDTPf deerDl"
      />
      <span
        class="sc-hKDTPf deerDl"
      />
      <span
        class="sc-hKDTPf deerDl"
      />
      <span
        class="sc-hKDTPf deerDl"
      />
      <span
        class="sc-hKDTPf deerDl"
      />
      <span
        class="sc-hKDTPf deerDl"
      />
      <span
        class="sc-hKDTPf deerDl"
      />
      <span
        class="sc-hKDTPf deerDl"
      />
      <div
        class="sc-gwsNht sc-dYOLZc fSikiQ bVLHzr"
      >
        Fri
      </div>
      <span
        class="sc-hKDTPf deerDl"
      />
      <span
        class="sc-hKDTPf deerDl"
      />
      <span
        class="sc-hKDTPf deerDl"
      />
      <span
        class="sc-hKDTPf deerDl"
      />
      <span
        class="sc-hKDTPf deerDl"
      />
      <span
        class="sc-hKDTPf deerDl"
      />
      <span
        class="sc-hKDTPf deerDl"
      />
      <span
        class="sc-hKDTPf deerDl"
      />
      <span
        class="sc-hKDTPf deerDl"
      />
      <span
        class="sc-hKDTPf deerDl"
      />
      <span
        class="sc-hKDTPf deerDl"
      />
      <span
        class="sc-hKDTPf deerDl"
      />
      <span
        class="sc-hKDTPf deerDl"
      />
      <span
        class="sc-hKDTPf deerDl"
      />
      <span
        class="sc-hKDTPf deerDl"
      />
      <span
        class="sc-hKDTPf deerDl"
      />
      <span
        class="sc-hKDTPf deerDl"
      />
      <span
        class="sc-hKDTPf deerDl"
      />
      <span
        class="sc-hKDTPf deerDl"
      />
      <span
        class="sc-hKDTPf deerDl"
      />
      <span
        class="sc-hKDTPf deerDl"
      />
      <span
        class="sc-hKDTPf deerDl"
      />
      <span
        class="sc-hKDTPf deerDl"
      />
      <span
        class="sc-hKDTPf deerDl"
      />
      <div
        class="sc-gwsNht sc-dYOLZc fSikiQ bVLHzr"
      >
        Sat
      </div>
      <span
        class="sc-hKDTPf deerDl"
      />
      <span
        class="sc-hKDTPf deerDl"
      />
      <span
        class="sc-hKDTPf deerDl"
      />
      <span
        class="sc-hKDTPf deerDl"
      />
      <span
        class="sc-hKDTPf deerDl"
      />
      <span
        class="sc-hKDTPf deerDl"
      />
      <span
        class="sc-hKDTPf deerDl"
      />
      <span
        class="sc-hKDTPf deerDl"
      />
      <span
        class="sc-hKDTPf deerDl"
      />
      <span
        class="sc-hKDTPf deerDl"
      />
      <span
        class="sc-hKDTPf deerDl"
      />
      <span
        class="sc-hKDTPf deerDl"
      />
      <span
        class="sc-hKDTPf deerDl"
      />
      <span
        class="sc-hKDTPf deerDl"
      />
      <span
        class="sc-hKDTPf deerDl"
      />
      <span
        class="sc-hKDTPf deerDl"
      />
      <span
        class="sc-hKDTPf deerDl"
      />
      <span
        class="sc-hKDTPf deerDl"
      />
      <span
        class="sc-hKDTPf deerDl"
      />
      <span
        class="sc-hKDTPf deerDl"
      />
      <span
        class="sc-hKDTPf deerDl"
      />
      <span
        class="sc-hKDTPf deerDl"
      />
      <span
        class="sc-hKDTPf deerDl"
      />
      <span
        class="sc-hKDTPf deerDl"
      />
      <div
        class="sc-gwsNht sc-dYOLZc fSikiQ bVLHzr"
      >
        Sun
      </div>
      <span
        class="sc-hKDTPf deerDl"
      />
      <span
        class="sc-hKDTPf deerDl"
      />
      <span
        class="sc-hKDTPf deerDl"
      />
      <span
        class="sc-hKDTPf deerDl"
      />
      <span
        class="sc-hKDTPf deerDl"
      />
      <span
        class="sc-hKDTPf deerDl"
      />
      <span
        class="sc-hKDTPf deerDl"
      />
      <span
        class="sc-hKDTPf deerDl"
      />
      <span
        class="sc-hKDTPf deerDl"
      />
      <span
        class="sc-hKDTPf deerDl"
      />
      <span
        class="sc-hKDTPf deerDl"
      />
      <span
        class="sc-hKDTPf deerDl"
      />
      <span
        class="sc-hKDTPf deerDl"
      />
      <span
        class="sc-hKDTPf deerDl"
      />
      <span
        class="sc-hKDTPf deerDl"
      />
      <span
        class="sc-hKDTPf deerDl"
      />
      <span
        class="sc-hKDTPf deerDl"
      />
      <span
        class="sc-hKDTPf deerDl"
      />
      <span
        class="sc-hKDTPf deerDl"
      />
      <span
        class="sc-hKDTPf deerDl"
      />
      <span
        class="sc-hKDTPf deerDl"
      />
      <span
        class="sc-hKDTPf deerDl"
      />
      <span
        class="sc-hKDTPf deerDl"
      />
      <span
        class="sc-hKDTPf deerDl"
      />
    </div>
  </div>
</DocumentFragment>
`;
