// Jest Snapshot v1, https://goo.gl/fbAQLP

exports[`Popover component testing Popover 1`] = `
<DocumentFragment>
  <div
    class="sc-AxirZ iXkbLy"
  >
    <div
      class="sc-AxiKw gUGIcH sc-AxhCb cJVObV fade-transition-appear fade-transition-appear-active"
    />
    <div
      class="sc-AxjAm bHwAjl"
      style="position: absolute; left: 0px; top: 0px;"
    >
      <div>
        hoge
      </div>
    </div>
  </div>
</DocumentFragment>
`;
