// Jest Snapshot v1, https://goo.gl/fbAQLP

exports[`Popover component testing Popover 1`] = `
<DocumentFragment>
  <div
    class="sc-gsDKAQ gzCcYc"
  >
    <div
      class="sc-hKwDye dOfRKQ fade-transition-appear fade-transition-appear-active"
    >
      <div
        class="sc-dkPtRN jXTMGN"
      />
    </div>
    <div
      class="sc-bdvvtL wkcbx"
      style="position: absolute; left: 0px; top: 0px;"
    >
      <div>
        hoge
      </div>
    </div>
  </div>
</DocumentFragment>
`;
