// Jest Snapshot v1, https://goo.gl/fbAQLP

exports[`Popover component testing Popover 1`] = `
<DocumentFragment>
  <div
    class="sc-dkzDqf jySaMj"
  >
    <div
      class="sc-bczRLJ dAXPOF fade-transition-appear fade-transition-appear-active"
    >
      <div
        class="sc-gsnTZi cqlNGB"
      />
    </div>
    <div
      class="sc-hKMtZM gjwEVb"
      id=":r0:"
      role="dialog"
      style="position: absolute; top: 0px; left: 0px;"
      tabindex="0"
    >
      <div>
        hoge
      </div>
    </div>
  </div>
</DocumentFragment>
`;
