// Jest Snapshot v1, https://goo.gl/fbAQLP

exports[`ConfirmModal component testing ConfirmModal 1`] = `
<DocumentFragment>
  <div
    class="sc-AxhCb ivzUGN"
  >
    <div
      class="sc-AxhUy hrDucc"
    />
    <div
      class="sc-AxiKw sc-AxgMl feJJIS"
    >
      <form>
        <div
          class="sc-AxheI Pewgk"
        >
          <div
            class="sc-Axmtr kYXfQl"
          >
            <div
              class="sc-AxmLO eECFKd"
            >
              <p
                class="sc-fzplWN bLugHJ"
                color="#041C33"
                font-size="20px"
              >
                タイトル
              </p>
            </div>
            <div
              class="sc-fzoLsD bpXaOq"
            >
              <div
                class="sc-fznyAO haJfle"
                size="24"
              >
                <svg
                  viewBox="0 0 24 24"
                  xmlns="http://www.w3.org/2000/svg"
                >
                  <rect
                    fill="#959FA9"
                    height="23.141"
                    transform="translate(18.364 2) rotate(45)"
                    width="5.142"
                  />
                  <rect
                    fill="#959FA9"
                    height="23.141"
                    transform="translate(2 5.636) rotate(-45)"
                    width="5.143"
                  />
                </svg>
              </div>
            </div>
          </div>
          <div
            class="sc-AxjAm gPrILy"
          />
        </div>
        <div
          class="sc-fzozJi hvdymy"
        >
          <div
            class="sc-AxirZ beOrDm"
            display="flex"
          >
            <div
              class="sc-AxjAm gJyBXz"
            >
              <button
                class="sc-fznKkj sc-fznZeY bZnhNi"
                font-size="14px"
                font-weight="normal"
                height="42px"
                type="button"
              >
                キャンセル
              </button>
            </div>
            <button
              class="sc-fznKkj sc-fznZeY hUEhlJ"
              font-size="14px"
              font-weight="bold"
              height="42px"
              type="submit"
            >
              はい
            </button>
          </div>
        </div>
      </form>
    </div>
  </div>
</DocumentFragment>
`;
