// Jest Snapshot v1, https://goo.gl/fbAQLP

exports[`ConfirmModal component testing ConfirmModal 1`] = `
<DocumentFragment>
  <div
    class="sc-fFubgz bkvAAG"
  >
    <div
      class="sc-bkzZxe fuFIfA sc-idOhPF hnQDfL fade-transition-appear fade-transition-appear-active"
    />
    <div
      class="sc-gsTCUz sc-hKgILt dBataf iZSODl sc-idOhPF hnQDfL fade-transition-appear fade-transition-appear-active"
    >
      <form>
        <div
          class="sc-eCssSg kzpVTC"
        >
          <div
            class="sc-jSgupP kWrnMH"
          >
            <p
              class="sc-iqHYGH cZyzNI"
              color="#041C33"
              font-size="20px"
            >
              タイトル
            </p>
            <div
              class="sc-dQppl eGrkaT"
            />
          </div>
          <div
            class="sc-fubCfw djqDzj"
          >
            <div
              class="sc-crrsfI kForse"
              size="24"
            >
              <svg
                viewBox="0 0 24 24"
                xmlns="http://www.w3.org/2000/svg"
              >
                <rect
                  fill="#041C33"
                  height="23.141"
                  transform="translate(18.364 2) rotate(45)"
                  width="5.142"
                />
                <rect
                  fill="#041C33"
                  height="23.141"
                  transform="translate(2 5.636) rotate(-45)"
                  width="5.143"
                />
              </svg>
            </div>
          </div>
        </div>
        <div
          class="sc-gKsewC drKJTI"
        >
          <div
            class="sc-dQppl lmHbPO"
          />
        </div>
      </form>
    </div>
  </div>
</DocumentFragment>
`;
