// Jest Snapshot v1, https://goo.gl/fbAQLP

exports[`ItemEmpty component testing ItemEmpty 1`] = `
<DocumentFragment>
  <div
    class="sc-bczRLJ jWoGQu"
  >
    <img
      class="sc-gsnTZi kNskej"
      src=""
      width="80"
    />
    <div
      class="sc-dkzDqf bDsRox"
    >
      <p
        class="sc-hKMtZM DMRKh"
        color="#041C33"
        font-size="14px"
      >
        title
      </p>
    </div>
    <p
      class="sc-hKMtZM kkYdqw"
      color="#041C33"
      font-size="13px"
    >
      subtitle
    </p>
  </div>
</DocumentFragment>
`;
