// Jest Snapshot v1, https://goo.gl/fbAQLP

exports[`WeekTime component testing WeekTime 1`] = `
<DocumentFragment>
  <div
    class="sc-eCYdqJ"
  >
    <div
      class="sc-jSMfEi eAErFW"
    >
      <div
        class="sc-gKXOVf"
      />
      <div
        class="sc-gKXOVf"
      >
        0
      </div>
      <div
        class="sc-gKXOVf"
      >
        1
      </div>
      <div
        class="sc-gKXOVf"
      >
        2
      </div>
      <div
        class="sc-gKXOVf"
      >
        3
      </div>
      <div
        class="sc-gKXOVf"
      >
        4
      </div>
      <div
        class="sc-gKXOVf"
      >
        5
      </div>
      <div
        class="sc-gKXOVf"
      >
        6
      </div>
      <div
        class="sc-gKXOVf"
      >
        7
      </div>
      <div
        class="sc-gKXOVf"
      >
        8
      </div>
      <div
        class="sc-gKXOVf"
      >
        9
      </div>
      <div
        class="sc-gKXOVf"
      >
        10
      </div>
      <div
        class="sc-gKXOVf"
      >
        11
      </div>
      <div
        class="sc-gKXOVf"
      >
        12
      </div>
      <div
        class="sc-gKXOVf"
      >
        13
      </div>
      <div
        class="sc-gKXOVf"
      >
        14
      </div>
      <div
        class="sc-gKXOVf"
      >
        15
      </div>
      <div
        class="sc-gKXOVf"
      >
        16
      </div>
      <div
        class="sc-gKXOVf"
      >
        17
      </div>
      <div
        class="sc-gKXOVf"
      >
        18
      </div>
      <div
        class="sc-gKXOVf"
      >
        19
      </div>
      <div
        class="sc-gKXOVf"
      >
        20
      </div>
      <div
        class="sc-gKXOVf"
      >
        21
      </div>
      <div
        class="sc-gKXOVf"
      >
        22
      </div>
      <div
        class="sc-gKXOVf"
      >
        23
      </div>
      <div>
        月
      </div>
      <button
        class="sc-iBkjds lpuynv"
      />
      <button
        class="sc-iBkjds lpuynv"
      />
      <button
        class="sc-iBkjds lpuynv"
      />
      <button
        class="sc-iBkjds lpuynv"
      />
      <button
        class="sc-iBkjds lpuynv"
      />
      <button
        class="sc-iBkjds lpuynv"
      />
      <button
        class="sc-iBkjds lpuynv"
      />
      <button
        class="sc-iBkjds lpuynv"
      />
      <button
        class="sc-iBkjds lpuynv"
      />
      <button
        class="sc-iBkjds lpuynv"
      />
      <button
        class="sc-iBkjds lpuynv"
      />
      <button
        class="sc-iBkjds lpuynv"
      />
      <button
        class="sc-iBkjds lpuynv"
      />
      <button
        class="sc-iBkjds lpuynv"
      />
      <button
        class="sc-iBkjds lpuynv"
      />
      <button
        class="sc-iBkjds lpuynv"
      />
      <button
        class="sc-iBkjds lpuynv"
      />
      <button
        class="sc-iBkjds lpuynv"
      />
      <button
        class="sc-iBkjds lpuynv"
      />
      <button
        class="sc-iBkjds lpuynv"
      />
      <button
        class="sc-iBkjds lpuynv"
      />
      <button
        class="sc-iBkjds lpuynv"
      />
      <button
        class="sc-iBkjds lpuynv"
      />
      <button
        class="sc-iBkjds lpuynv"
      />
      <div>
        火
      </div>
      <button
        class="sc-iBkjds lpuynv"
      />
      <button
        class="sc-iBkjds lpuynv"
      />
      <button
        class="sc-iBkjds lpuynv"
      />
      <button
        class="sc-iBkjds lpuynv"
      />
      <button
        class="sc-iBkjds lpuynv"
      />
      <button
        class="sc-iBkjds lpuynv"
      />
      <button
        class="sc-iBkjds lpuynv"
      />
      <button
        class="sc-iBkjds lpuynv"
      />
      <button
        class="sc-iBkjds lpuynv"
      />
      <button
        class="sc-iBkjds lpuynv"
      />
      <button
        class="sc-iBkjds lpuynv"
      />
      <button
        class="sc-iBkjds lpuynv"
      />
      <button
        class="sc-iBkjds lpuynv"
      />
      <button
        class="sc-iBkjds lpuynv"
      />
      <button
        class="sc-iBkjds lpuynv"
      />
      <button
        class="sc-iBkjds lpuynv"
      />
      <button
        class="sc-iBkjds lpuynv"
      />
      <button
        class="sc-iBkjds lpuynv"
      />
      <button
        class="sc-iBkjds lpuynv"
      />
      <button
        class="sc-iBkjds lpuynv"
      />
      <button
        class="sc-iBkjds lpuynv"
      />
      <button
        class="sc-iBkjds lpuynv"
      />
      <button
        class="sc-iBkjds lpuynv"
      />
      <button
        class="sc-iBkjds lpuynv"
      />
      <div>
        水
      </div>
      <button
        class="sc-iBkjds lpuynv"
      />
      <button
        class="sc-iBkjds lpuynv"
      />
      <button
        class="sc-iBkjds lpuynv"
      />
      <button
        class="sc-iBkjds lpuynv"
      />
      <button
        class="sc-iBkjds lpuynv"
      />
      <button
        class="sc-iBkjds lpuynv"
      />
      <button
        class="sc-iBkjds lpuynv"
      />
      <button
        class="sc-iBkjds lpuynv"
      />
      <button
        class="sc-iBkjds lpuynv"
      />
      <button
        class="sc-iBkjds lpuynv"
      />
      <button
        class="sc-iBkjds lpuynv"
      />
      <button
        class="sc-iBkjds lpuynv"
      />
      <button
        class="sc-iBkjds lpuynv"
      />
      <button
        class="sc-iBkjds lpuynv"
      />
      <button
        class="sc-iBkjds lpuynv"
      />
      <button
        class="sc-iBkjds lpuynv"
      />
      <button
        class="sc-iBkjds lpuynv"
      />
      <button
        class="sc-iBkjds lpuynv"
      />
      <button
        class="sc-iBkjds lpuynv"
      />
      <button
        class="sc-iBkjds lpuynv"
      />
      <button
        class="sc-iBkjds lpuynv"
      />
      <button
        class="sc-iBkjds lpuynv"
      />
      <button
        class="sc-iBkjds lpuynv"
      />
      <button
        class="sc-iBkjds lpuynv"
      />
      <div>
        木
      </div>
      <button
        class="sc-iBkjds lpuynv"
      />
      <button
        class="sc-iBkjds lpuynv"
      />
      <button
        class="sc-iBkjds lpuynv"
      />
      <button
        class="sc-iBkjds lpuynv"
      />
      <button
        class="sc-iBkjds lpuynv"
      />
      <button
        class="sc-iBkjds lpuynv"
      />
      <button
        class="sc-iBkjds lpuynv"
      />
      <button
        class="sc-iBkjds lpuynv"
      />
      <button
        class="sc-iBkjds lpuynv"
      />
      <button
        class="sc-iBkjds lpuynv"
      />
      <button
        class="sc-iBkjds lpuynv"
      />
      <button
        class="sc-iBkjds lpuynv"
      />
      <button
        class="sc-iBkjds lpuynv"
      />
      <button
        class="sc-iBkjds lpuynv"
      />
      <button
        class="sc-iBkjds lpuynv"
      />
      <button
        class="sc-iBkjds lpuynv"
      />
      <button
        class="sc-iBkjds lpuynv"
      />
      <button
        class="sc-iBkjds lpuynv"
      />
      <button
        class="sc-iBkjds lpuynv"
      />
      <button
        class="sc-iBkjds lpuynv"
      />
      <button
        class="sc-iBkjds lpuynv"
      />
      <button
        class="sc-iBkjds lpuynv"
      />
      <button
        class="sc-iBkjds lpuynv"
      />
      <button
        class="sc-iBkjds lpuynv"
      />
      <div>
        金
      </div>
      <button
        class="sc-iBkjds lpuynv"
      />
      <button
        class="sc-iBkjds lpuynv"
      />
      <button
        class="sc-iBkjds lpuynv"
      />
      <button
        class="sc-iBkjds lpuynv"
      />
      <button
        class="sc-iBkjds lpuynv"
      />
      <button
        class="sc-iBkjds lpuynv"
      />
      <button
        class="sc-iBkjds lpuynv"
      />
      <button
        class="sc-iBkjds lpuynv"
      />
      <button
        class="sc-iBkjds lpuynv"
      />
      <button
        class="sc-iBkjds lpuynv"
      />
      <button
        class="sc-iBkjds lpuynv"
      />
      <button
        class="sc-iBkjds lpuynv"
      />
      <button
        class="sc-iBkjds lpuynv"
      />
      <button
        class="sc-iBkjds lpuynv"
      />
      <button
        class="sc-iBkjds lpuynv"
      />
      <button
        class="sc-iBkjds lpuynv"
      />
      <button
        class="sc-iBkjds lpuynv"
      />
      <button
        class="sc-iBkjds lpuynv"
      />
      <button
        class="sc-iBkjds lpuynv"
      />
      <button
        class="sc-iBkjds lpuynv"
      />
      <button
        class="sc-iBkjds lpuynv"
      />
      <button
        class="sc-iBkjds lpuynv"
      />
      <button
        class="sc-iBkjds lpuynv"
      />
      <button
        class="sc-iBkjds lpuynv"
      />
      <div>
        土
      </div>
      <button
        class="sc-iBkjds lpuynv"
      />
      <button
        class="sc-iBkjds lpuynv"
      />
      <button
        class="sc-iBkjds lpuynv"
      />
      <button
        class="sc-iBkjds lpuynv"
      />
      <button
        class="sc-iBkjds lpuynv"
      />
      <button
        class="sc-iBkjds lpuynv"
      />
      <button
        class="sc-iBkjds lpuynv"
      />
      <button
        class="sc-iBkjds lpuynv"
      />
      <button
        class="sc-iBkjds lpuynv"
      />
      <button
        class="sc-iBkjds lpuynv"
      />
      <button
        class="sc-iBkjds lpuynv"
      />
      <button
        class="sc-iBkjds lpuynv"
      />
      <button
        class="sc-iBkjds lpuynv"
      />
      <button
        class="sc-iBkjds lpuynv"
      />
      <button
        class="sc-iBkjds lpuynv"
      />
      <button
        class="sc-iBkjds lpuynv"
      />
      <button
        class="sc-iBkjds lpuynv"
      />
      <button
        class="sc-iBkjds lpuynv"
      />
      <button
        class="sc-iBkjds lpuynv"
      />
      <button
        class="sc-iBkjds lpuynv"
      />
      <button
        class="sc-iBkjds lpuynv"
      />
      <button
        class="sc-iBkjds lpuynv"
      />
      <button
        class="sc-iBkjds lpuynv"
      />
      <button
        class="sc-iBkjds lpuynv"
      />
      <div>
        日
      </div>
      <button
        class="sc-iBkjds lpuynv"
      />
      <button
        class="sc-iBkjds lpuynv"
      />
      <button
        class="sc-iBkjds lpuynv"
      />
      <button
        class="sc-iBkjds lpuynv"
      />
      <button
        class="sc-iBkjds lpuynv"
      />
      <button
        class="sc-iBkjds lpuynv"
      />
      <button
        class="sc-iBkjds lpuynv"
      />
      <button
        class="sc-iBkjds lpuynv"
      />
      <button
        class="sc-iBkjds lpuynv"
      />
      <button
        class="sc-iBkjds lpuynv"
      />
      <button
        class="sc-iBkjds lpuynv"
      />
      <button
        class="sc-iBkjds lpuynv"
      />
      <button
        class="sc-iBkjds lpuynv"
      />
      <button
        class="sc-iBkjds lpuynv"
      />
      <button
        class="sc-iBkjds lpuynv"
      />
      <button
        class="sc-iBkjds lpuynv"
      />
      <button
        class="sc-iBkjds lpuynv"
      />
      <button
        class="sc-iBkjds lpuynv"
      />
      <button
        class="sc-iBkjds lpuynv"
      />
      <button
        class="sc-iBkjds lpuynv"
      />
      <button
        class="sc-iBkjds lpuynv"
      />
      <button
        class="sc-iBkjds lpuynv"
      />
      <button
        class="sc-iBkjds lpuynv"
      />
      <button
        class="sc-iBkjds lpuynv"
      />
    </div>
  </div>
</DocumentFragment>
`;
