// Jest Snapshot v1, https://goo.gl/fbAQLP

exports[`Button component testing ButtonGroup 1`] = `
<DocumentFragment>
  <div
    class="sc-bdfBwQ dsjYGL"
    height="42px"
  >
    <button
      class="sc-dlfnbm sc-hKgILt bqGKDG hXFYVy"
      font-size="14px"
      font-weight="normal"
    >
      Edit
    </button>
    <button
      class="sc-dlfnbm sc-hKgILt bqGKDG hXFYVy"
      font-size="14px"
      font-weight="normal"
    >
      Save
    </button>
  </div>
</DocumentFragment>
`;
