// Jest Snapshot v1, https://goo.gl/fbAQLP

exports[`Button component testing ButtonGroup 1`] = `
<DocumentFragment>
  <div
    class="sc-bXdtCk idAVcO"
    minsize="fit-content"
  >
    <button
      active="[object Object]"
      borderradius="6px"
      class="sc-fmZSGO sc-gwsNht kGRuiP krYvwt"
      color="basicLight"
      font-size="13px"
      height="32px"
      hover="[object Object]"
      normal="[object Object]"
      paddinginline="8px"
    >
      Edit
    </button>
    <button
      active="[object Object]"
      borderradius="6px"
      class="sc-fmZSGO sc-gwsNht kGRuiP krYvwt"
      color="basicLight"
      font-size="13px"
      height="32px"
      hover="[object Object]"
      normal="[object Object]"
      paddinginline="8px"
    >
      Save
    </button>
  </div>
</DocumentFragment>
`;
