// Jest Snapshot v1, https://goo.gl/fbAQLP

exports[`Label component testing Label 1`] = `
<DocumentFragment>
  <div
    class="sc-hKgILt jCfqnH"
  >
    <div
      class="sc-eCssSg lbcvem"
    >
      <span
        class="sc-bdfBwQ gNlqto"
        color="#041C33"
        font-size="13px"
      />
    </div>
    <div />
  </div>
</DocumentFragment>
`;
