// Jest Snapshot v1, https://goo.gl/fbAQLP

exports[`RadioButton component testing RadioButton 1`] = `
<DocumentFragment>
  <label
    class="sc-hKDTPf cQpgez"
  >
    <input
      type="radio"
    />
    <span
      border="1px"
      class="sc-fmZSGO bwNtUV"
      inside="8px"
    />
    <span
      class="sc-gwsNht cppFDf"
    >
      RadioButton
    </span>
  </label>
</DocumentFragment>
`;
