// Jest Snapshot v1, https://goo.gl/fbAQLP

exports[`RadioButton component testing RadioButton 1`] = `
<DocumentFragment>
  <label
    class="sc-bczRLJ irWXSl"
  >
    <input
      type="radio"
    />
    <div
      class="sc-gsnTZi keuGMX"
    />
    <span
      class="sc-dkzDqf jQJeuR"
    >
      RadioButton
    </span>
  </label>
</DocumentFragment>
`;
