// Jest Snapshot v1, https://goo.gl/fbAQLP

exports[`RadioButton component testing RadioButton 1`] = `
<DocumentFragment>
  <label
    class="sc-bdfBQB TWxEP"
  >
    <input
      type="radio"
    />
    <div
      class="sc-gsTEea fiwGCc"
    />
    <span
      class="sc-dlfnuX iNWdca"
    >
      RadioButton
    </span>
  </label>
</DocumentFragment>
`;
