// Jest Snapshot v1, https://goo.gl/fbAQLP

exports[`ToggleButton component testing ToggleButton 1`] = `
<DocumentFragment>
  <div
    class="sc-bdfBwQ lobhRD"
    width="56px"
  >
    <label
      class="sc-jSgupP jDuWXm"
      width="56px"
    >
      <input
        class="sc-gKsewC iTZwRO"
        readonly=""
        type="checkbox"
      />
      <span
        class="sc-gsTCUz hqweVm"
      />
      <div
        class="sc-dlfnbm sc-hKgILt eWKzWA etPkmZ"
      >
        <div
          class="sc-iBPRYJ iZXNbL"
          color="#596978"
          font-size="12px"
        >
          ON
        </div>
      </div>
      <div
        class="sc-dlfnbm sc-eCssSg eWKzWA iJJxuL"
      >
        <div
          class="sc-iBPRYJ iZXNbL"
          color="#596978"
          font-size="12px"
        >
          OFF
        </div>
      </div>
    </label>
  </div>
</DocumentFragment>
`;
