// Jest Snapshot v1, https://goo.gl/fbAQLP

exports[`ToggleButton component testing ToggleButton 1`] = `
<DocumentFragment>
  <div
    class="sc-bdfBQB dJQGbP"
    width="56px"
  >
    <label
      class="sc-jSgvzq htXTZu"
      width="56px"
    >
      <input
        class="sc-gKseQn koSxeU"
        readonly=""
        type="checkbox"
      />
      <div
        class="sc-dlfnuX sc-hKgJUU jJxsAO cEDkbX"
      >
        <div
          class="sc-iBPTik jlrDYX"
          color="#0B82F4"
          font-size="12px"
        >
          ON
        </div>
      </div>
      <div
        class="sc-dlfnuX sc-eCstlR jJxsAO kQioQM"
      >
        <div
          class="sc-iBPTik euoxva"
          color="#596978"
          font-size="12px"
        >
          OFF
        </div>
      </div>
      <span
        class="sc-gsTEea hrujSH"
      />
    </label>
  </div>
</DocumentFragment>
`;
