// Jest Snapshot v1, https://goo.gl/fbAQLP

exports[`ToggleButton component testing ToggleButton 1`] = `
<DocumentFragment>
  <div
    class="sc-gsnTZi evpUDt"
    width="48px"
  >
    <label
      class="sc-gKXOVf goQUcL"
      width="48px"
    >
      <input
        class="sc-iBkjds hZpMas"
        readonly=""
        type="checkbox"
      />
      <div
        class="sc-hKMtZM sc-eCYdqJ duLeLX jDJtjl"
      >
        <div
          class="sc-bczRLJ glkMsN"
          color="#0B82F4"
          font-size="12px"
        />
      </div>
      <div
        class="sc-hKMtZM sc-jSMfEi duLeLX kqRAsJ"
      >
        <div
          class="sc-bczRLJ jjEXQA"
          color="#596978"
          font-size="12px"
        />
      </div>
      <span
        class="sc-dkzDqf klIXyt"
      />
    </label>
  </div>
</DocumentFragment>
`;
