// Jest Snapshot v1, https://goo.gl/fbAQLP

exports[`MultipleFilter component testing MultipleFilter 1`] = `
<DocumentFragment>
  <div>
    <div
      class="sc-bdvvaa bbsJpt"
    >
      <div
        class="sc-hKwCoD fNNzHm"
      >
        <div
          class="sc-hBURRC jdExQf"
          size="18"
        >
          <svg
            viewBox="0 0 18 18"
            xmlns="http://www.w3.org/2000/svg"
          >
            <path
              d="M0 0h18v18H0z"
              fill="none"
            />
            <path
              d="M14.023,12.963l3.212,3.211-1.061,1.061-3.211-3.212a6.751,6.751,0,1,1,1.061-1.06Zm-1.5-.556a5.248,5.248,0,1,0-.112.112l.112-.112Z"
              fill="#959FA9"
              transform="translate(-0.5 -0.5)"
            />
          </svg>
        </div>
      </div>
      <div
        class="sc-eCImvq llSiOf"
      >
        <div
          class="sc-gsDJrp fAFcqI"
        >
          <input
            class="sc-fotPbf klJSaJ"
            placeholder="Add a new filter"
            readonly=""
            type="text"
          />
        </div>
      </div>
      <div
        class="sc-jRQAMF fuNckg"
      />
    </div>
  </div>
</DocumentFragment>
`;
