// Jest Snapshot v1, https://goo.gl/fbAQLP

exports[`NavigationRail component testing NavigationRail 1`] = `
<DocumentFragment>
  <div
    class="sc-gsDKAQ kAtCRR"
  >
    <div
      class="sc-bdvvtL ghNiVx"
    >
      <div
        class="sc-dkPtRN cOjqOr"
      >
        Add logo here
      </div>
      <div
        class="sc-hKwDye fJyQja"
      >
        <div>
          <div
            class="sc-fotOHu jGUycf"
          >
            <div
              class="sc-bqiRlB gzQVYT"
            >
              <div
                class="sc-iCfMLu fBnhju"
                size="24"
              >
                <svg
                  viewBox="0 0 24 24"
                  xmlns="http://www.w3.org/2000/svg"
                >
                  <path
                    d="M0 0h24v24H0z"
                    fill="none"
                  />
                  <path
                    d="M9.954,2.21a9.99,9.99,0,0,1,4.091,0,4,4,0,0,0,5.412,3.123A9.99,9.99,0,0,1,21.5,8.876a4,4,0,0,0,0,6.248,10.043,10.043,0,0,1-2.046,3.543,4,4,0,0,0-5.41,3.121,9.99,9.99,0,0,1-4.091,0,4,4,0,0,0-5.412-3.125A9.99,9.99,0,0,1,2.5,15.121a4,4,0,0,0,0-6.246A10.043,10.043,0,0,1,4.544,5.332a4,4,0,0,0,5.41-3.121ZM12,15a3,3,0,1,0-3-3A3,3,0,0,0,12,15Z"
                    fill="#0B82F4"
                  />
                </svg>
              </div>
              <span
                class="sc-ksdxgE jIwSbV"
              >
                0
              </span>
            </div>
            <div
              class="sc-fFeiMQ hqxDRp"
            >
              <span
                class="sc-kDTinF kcjIkv sc-bkkeKt hGlUxK"
                color="#0B82F4"
                font-size="13px"
              >
                Settings
              </span>
            </div>
            <div
              class="sc-ieecCq iAObSL"
            >
              <div
                class="sc-iCfMLu bdvlpC"
                size="18"
              >
                <svg
                  viewBox="0 0 24 24"
                  xmlns="http://www.w3.org/2000/svg"
                >
                  <path
                    d="M0,0H24V24H0Z"
                    fill="none"
                  />
                  <path
                    d="M13.414,16.886,7.757,11.228,9.644,9.343l3.771,3.772,3.771-3.772,1.887,1.885Z"
                    fill="#0B82F4"
                    transform="translate(-1.414 -1.114)"
                  />
                </svg>
              </div>
            </div>
          </div>
          <div
            class="sc-dJjYzT hkWzkM"
            height="auto"
          >
            <div
              class="sc-hGPBjI jVjCQY"
            >
              <div
                class="sc-dlVxhl dCMCKx"
              >
                <span
                  class="sc-kDTinF kcjIkv sc-kfPuZi bWbmWZ"
                  color="#0B82F4"
                  font-size="13px"
                >
                  Account Setting
                </span>
              </div>
              <span
                class="sc-hBUSln iiriyw"
              >
                0
              </span>
            </div>
          </div>
        </div>
        <div
          class="sc-iqseJM ghZLFx"
        >
          <div
            class="sc-bqiRlB gzQVYT"
          >
            <div
              class="sc-iCfMLu fBnhju"
              size="24"
            >
              <svg
                viewBox="0 0 24 24"
                xmlns="http://www.w3.org/2000/svg"
              >
                <path
                  d="M0 0h24v24H0V0z"
                  fill="none"
                />
                <path
                  d="M19 5v2h-4V5h4M9 5v6H5V5h4m10 8v6h-4v-6h4M9 17v2H5v-2h4M21 3h-8v6h8V3zM11 3H3v10h8V3zm10 8h-8v10h8V11zm-10 4H3v6h8v-6z"
                  fill="#041C33"
                />
              </svg>
            </div>
            <span
              class="sc-ksdxgE jIwSbV"
            >
              0
            </span>
          </div>
          <div
            class="sc-crHmcD fPFdaO"
          >
            <span
              class="sc-kDTinF htLNsP sc-egiyK dbOwLn"
              color="#041C33"
              font-size="13px"
            >
              Dashboard
            </span>
          </div>
          <span
            class="sc-hBUSln iiriyw"
          >
            0
          </span>
        </div>
      </div>
      <div
        class="sc-eCImPb eQXZT"
      >
        <div
          class="sc-gKclnd eDCiOG"
        >
          <div
            class="sc-iCfMLu bdvlpC"
            size="18"
          >
            <svg
              viewBox="0 0 18 18"
              xmlns="http://www.w3.org/2000/svg"
            >
              <path
                d="M0,0H18V18H0Z"
                fill="none"
              />
              <path
                d="M12,15,7.757,10.757,9.172,9.343,12,12.172l2.828-2.829,1.415,1.414Z"
                fill="#596978"
                transform="translate(23.171 -2.829) rotate(90)"
              />
              <path
                d="M12,15,7.757,10.757,9.172,9.343,12,12.172l2.828-2.829,1.415,1.414Z"
                fill="#596978"
                transform="translate(19.171 -2.829) rotate(90)"
              />
            </svg>
          </div>
        </div>
      </div>
    </div>
    <div
      class="sc-jRQBWg iuxkuB"
    >
      hogehoge
    </div>
  </div>
</DocumentFragment>
`;
