// Jest Snapshot v1, https://goo.gl/fbAQLP

exports[`Spinner component testing Spinner 1`] = `
<DocumentFragment>
  <div
    class="sc-bdvvtL dwAwYF"
    width="50px"
  >
    <svg
      class="sc-gsDKAQ htNwEJ"
      viewBox="25 25 50 50"
    >
      <circle
        class="sc-dkPtRN iJLnej"
        cx="50"
        cy="50"
        r="20"
        stroke="#E2E8EA"
      />
      <circle
        class="sc-dkPtRN sc-hKwDye iJLnej CFLCo"
        cx="50"
        cy="50"
        r="20"
        stroke="#0B82F4"
      />
    </svg>
  </div>
</DocumentFragment>
`;
