// Jest Snapshot v1, https://goo.gl/fbAQLP

exports[`Pager component testing Pager 1`] = `
<DocumentFragment>
  <div
    class="sc-jSMfEi kmsKij"
    display="flex"
  >
    <button
      aria-label="arrow_left"
      class="sc-dkzDqf irbZCc"
      disabled=""
      type="button"
    >
      <span
        class="sc-hKMtZM gLnfjV"
        size="18"
      >
        <svg
          viewBox="0 0 20 20"
        >
          <path
            d="m9.1 10 4.1 4.1-1.1 1.2L6.8 10 12 4.7l1.1 1.2z"
            fill="#B3BAC1"
          />
        </svg>
      </span>
    </button>
    <button
      class="sc-bczRLJ hFtSAg"
      disabled=""
      type="button"
    >
      <span
        class="sc-gsnTZi hDkACN"
        color="#FFFFFF"
        font-size="12px"
      >
        1
      </span>
    </button>
    <button
      class="sc-bczRLJ ereHpM"
      type="button"
    >
      <span
        class="sc-gsnTZi gELrhb"
        color="#0B82F4"
        font-size="12px"
      >
        2
      </span>
    </button>
    <button
      class="sc-bczRLJ ereHpM"
      type="button"
    >
      <span
        class="sc-gsnTZi gELrhb"
        color="#0B82F4"
        font-size="12px"
      >
        3
      </span>
    </button>
    <button
      class="sc-bczRLJ ereHpM"
      type="button"
    >
      <span
        class="sc-gsnTZi gELrhb"
        color="#0B82F4"
        font-size="12px"
      >
        4
      </span>
    </button>
    <button
      class="sc-bczRLJ ereHpM"
      type="button"
    >
      <span
        class="sc-gsnTZi gELrhb"
        color="#0B82F4"
        font-size="12px"
      >
        5
      </span>
    </button>
    <div
      class="sc-eCYdqJ bvZTgU"
    >
      ...
    </div>
    <button
      class="sc-bczRLJ ereHpM"
      type="button"
    >
      <span
        class="sc-gsnTZi gELrhb"
        color="#0B82F4"
        font-size="12px"
      >
        10
      </span>
    </button>
    <button
      aria-label="arrow_right"
      class="sc-dkzDqf dWTLA"
      type="button"
    >
      <span
        class="sc-hKMtZM gLnfjV"
        size="18"
      >
        <svg
          viewBox="0 0 20 20"
        >
          <path
            d="M10.9 10 6.8 5.9l1.1-1.2 5.3 5.3L8 15.3l-1.1-1.2z"
            fill="#0B82F4"
          />
        </svg>
      </span>
    </button>
  </div>
</DocumentFragment>
`;
