// Jest Snapshot v1, https://goo.gl/fbAQLP

exports[`ContextMenu2 component testing ContextMenu2 1`] = `
<DocumentFragment>
  <button
    aria-controls=":r1:"
    aria-expanded="true"
    aria-haspopup="dialog"
    data-floating-ui-inert=""
    data-testid="trigger"
    type="button"
  >
    trigger
  </button>
  <span
    aria-hidden="true"
    data-floating-ui-inert=""
    style="border: 0px; height: 1px; margin: -1px; overflow: hidden; padding: 0px; position: fixed; white-space: nowrap; width: 1px; top: 0px; left: 0px;"
    tabindex="-1"
  />
  <span
    data-floating-ui-focus-guard=""
    data-floating-ui-inert=""
    data-type="outside"
    role="button"
    style="border: 0px; height: 1px; margin: -1px; overflow: hidden; padding: 0px; position: fixed; white-space: nowrap; width: 1px; top: 0px; left: 0px;"
    tabindex="0"
  />
  <span
    aria-owns=":r3:"
    data-floating-ui-inert=""
    style="border: 0px; height: 1px; margin: -1px; overflow: hidden; padding: 0px; position: fixed; white-space: nowrap; width: 1px; top: 0px; left: 0px;"
  />
  <span
    data-floating-ui-focus-guard=""
    data-floating-ui-inert=""
    data-type="inside"
    role="button"
    style="border: 0px; height: 1px; margin: -1px; overflow: hidden; padding: 0px; position: fixed; white-space: nowrap; width: 1px; top: 0px; left: 0px;"
    tabindex="0"
  />
  <div
    aria-orientation="vertical"
    class="sc-dHKmnV bWxvwo"
    data-floating-ui-focusable=""
    id=":r1:"
    role="dialog"
    style="position: absolute; left: 0px; top: 0px; width: 316px; min-width: auto; transform: translate(0px, 5px); max-width: 0px; max-height: 0px;"
    tabindex="-1"
  >
    <div
      class="sc-hLyRwt jRdXFI"
    >
      <p
        class="sc-iLBnws fVxPFs"
      >
        ステータスを変更
      </p>
      <div
        class="sc-fGlNzy hmnNFu"
      >
        <div>
          <span
            class="sc-fmZSGO naXpd"
            size="18"
          >
            <svg
              viewBox="0 0 24 24"
              xmlns="http://www.w3.org/2000/svg"
            >
              <path
                d="M0 0h24v24H0V0z"
                fill="none"
              />
              <path
                d="M12,22A10,10,0,1,1,22,12,10,10,0,0,1,12,22Zm0-2a8,8,0,1,0-8-8A8,8,0,0,0,12,20Zm-1-5h2v2H11Zm2-1.645V14H11V12.5a1,1,0,0,1,1-1,1.5,1.5,0,1,0-1.471-1.794L8.567,9.313A3.5,3.5,0,1,1,13,13.355Z"
                fill="#596978"
              />
            </svg>
          </span>
        </div>
        <p
          class="sc-eGjrzz eiKhWT"
        >
          ヘルプテキスト
        </p>
      </div>
      <hr
        class="sc-hawdNJ bFRDZp"
      />
      <button
        class="sc-hKDTPf jOFScb"
        tabindex="-1"
        type="button"
      >
        <span
          class="sc-bXdtCk cPSCTd"
        >
          <span
            class="sc-fmZSGO naXpd"
            size="18"
          >
            <svg
              viewBox="0 0 18 18"
              xmlns="http://www.w3.org/2000/svg"
            >
              <path
                d="M0 0h18v18H0z"
                fill="none"
              />
              <path
                d="M10.25,8.25H14l-4.5,4.5L5,8.25H8.75V3h1.5ZM3.5,15h12V9.75H17v6a.75.75,0,0,1-.75.75H2.75A.75.75,0,0,1,2,15.75v-6H3.5Z"
                fill="#596978"
                transform="translate(-0.5 -0.75)"
              />
            </svg>
          </span>
        </span>
        アイコンボタン
      </button>
      <button
        class="sc-hKDTPf jOFScb"
        tabindex="-1"
        type="button"
      >
        ボタン
      </button>
      <button
        class="sc-hKDTPf xhtyq"
        color="danger"
        tabindex="-1"
        type="button"
      >
        赤ボタン
      </button>
      <button
        aria-expanded="false"
        aria-haspopup="dialog"
        class="sc-llIIlC fPDZgD"
        type="button"
      >
        <span
          class="sc-kThouk krVvIl"
        >
          入れ子トリガー
        </span>
        <span
          class="sc-dTdQuR ddabir"
        >
          100
        </span>
        <span
          class="sc-fmZSGO naXpd"
          size="18"
        >
          <svg
            viewBox="0 0 20 20"
          >
            <path
              d="M10.9 10 6.8 5.9l1.1-1.2 5.3 5.3L8 15.3l-1.1-1.2z"
              fill="#596978"
            />
          </svg>
        </span>
      </button>
      <button
        class="sc-jMpmlX eRtVlL"
        tabindex="-1"
        type="button"
      >
        <span
          class="sc-gwsNht bjkGLQ"
        >
          <span
            class="sc-fmZSGO naXpd"
            size="18"
          >
            <svg
              viewBox="0 0 24 24"
              xmlns="http://www.w3.org/2000/svg"
            >
              <path
                d="M4.828 21L4.808 21.02L4.787 21H2.992C2.72881 20.9997 2.4765 20.895 2.29049 20.7088C2.10448 20.5226 2 20.2702 2 20.007V3.993C2.00183 3.73038 2.1069 3.47902 2.29251 3.29322C2.47813 3.10742 2.72938 3.00209 2.992 3H21.008C21.556 3 22 3.445 22 3.993V20.007C21.9982 20.2696 21.8931 20.521 21.7075 20.7068C21.5219 20.8926 21.2706 20.9979 21.008 21H4.828ZM20 15V5H4V19L14 9L20 15ZM20 17.828L14 11.828L6.828 19H20V17.828ZM8 11C7.46957 11 6.96086 10.7893 6.58579 10.4142C6.21071 10.0391 6 9.53043 6 9C6 8.46957 6.21071 7.96086 6.58579 7.58579C6.96086 7.21071 7.46957 7 8 7C8.53043 7 9.03914 7.21071 9.41421 7.58579C9.78929 7.96086 10 8.46957 10 9C10 9.53043 9.78929 10.0391 9.41421 10.4142C9.03914 10.7893 8.53043 11 8 11Z"
                fill="#596978"
              />
            </svg>
          </span>
        </span>
        含む
        <span
          class="sc-dYOLZc evqSwF"
        >
          <span
            class="sc-fmZSGO naXpd"
            size="18"
          >
            <svg
              viewBox="0 0 24 24"
              xmlns="http://www.w3.org/2000/svg"
            >
              <path
                d="M9.99999 15.172L19.192 5.979L20.607 7.393L9.99999 18L3.63599 11.636L5.04999 10.222L9.99999 15.172Z"
                fill="#0B82F4"
              />
            </svg>
          </span>
        </span>
      </button>
      <button
        class="sc-jMpmlX hhhSDo"
        tabindex="-1"
        type="button"
      >
        <span
          class="sc-gwsNht bjkGLQ"
        >
          <span
            class="sc-fmZSGO naXpd"
            size="18"
          >
            <svg
              viewBox="0 0 24 24"
              xmlns="http://www.w3.org/2000/svg"
            >
              <path
                d="M4.828 21L4.808 21.02L4.787 21H2.992C2.72881 20.9997 2.4765 20.895 2.29049 20.7088C2.10448 20.5226 2 20.2702 2 20.007V3.993C2.00183 3.73038 2.1069 3.47902 2.29251 3.29322C2.47813 3.10742 2.72938 3.00209 2.992 3H21.008C21.556 3 22 3.445 22 3.993V20.007C21.9982 20.2696 21.8931 20.521 21.7075 20.7068C21.5219 20.8926 21.2706 20.9979 21.008 21H4.828ZM20 15V5H4V19L14 9L20 15ZM20 17.828L14 11.828L6.828 19H20V17.828ZM8 11C7.46957 11 6.96086 10.7893 6.58579 10.4142C6.21071 10.0391 6 9.53043 6 9C6 8.46957 6.21071 7.96086 6.58579 7.58579C6.96086 7.21071 7.46957 7 8 7C8.53043 7 9.03914 7.21071 9.41421 7.58579C9.78929 7.96086 10 8.46957 10 9C10 9.53043 9.78929 10.0391 9.41421 10.4142C9.03914 10.7893 8.53043 11 8 11Z"
                fill="#596978"
              />
            </svg>
          </span>
        </span>
        含まない
        <span
          class="sc-dYOLZc evqSwF"
        />
      </button>
      <button
        class="sc-jMpmlX hhhSDo"
        tabindex="-1"
        type="button"
      >
        アイコンなしチェック1
        <span
          class="sc-dYOLZc evqSwF"
        />
      </button>
      <button
        class="sc-jMpmlX hhhSDo"
        tabindex="-1"
        type="button"
      >
        アイコンなしチェック2
        <span
          class="sc-dYOLZc evqSwF"
        />
      </button>
      <button
        class="sc-hBDmJg ljnXvO"
        tabindex="-1"
        type="button"
      >
        スイッチ
        <span
          class="sc-hoLldG cuapxF"
        >
          <span
            class="sc-jZhnRx cAakXI"
          />
        </span>
      </button>
      <div
        class="sc-dACwDz etXABJ"
      >
        <input
          data-ios="false"
          placeholder="プレイスホルダー"
          tabindex="-1"
          value="入力内容"
        />
      </div>
      <ul
        class="sc-iayzNI livxWh"
      >
        <li>
          <button
            active="[object Object]"
            borderradius="4px"
            class="sc-gfUXbm sc-cTIdZS bZssAy cWFzfe"
            color="clear"
            font-size="12px"
            height="28px"
            hover="[object Object]"
            normal="[object Object]"
            paddinginline="6px"
          >
            キャンセル
          </button>
        </li>
        <li>
          <button
            active="[object Object]"
            borderradius="4px"
            class="sc-gfUXbm sc-cTIdZS bZssAy ghgdFh"
            color="primary"
            font-size="12px"
            height="28px"
            hover="[object Object]"
            normal="[object Object]"
            paddinginline="6px"
          >
            適用
          </button>
        </li>
      </ul>
      <button
        class="sc-hKDTPf jOFScb"
        tabindex="-1"
        type="button"
      >
        最後の項目
      </button>
    </div>
  </div>
  <span
    data-floating-ui-focus-guard=""
    data-floating-ui-inert=""
    data-type="inside"
    role="button"
    style="border: 0px; height: 1px; margin: -1px; overflow: hidden; padding: 0px; position: fixed; white-space: nowrap; width: 1px; top: 0px; left: 0px;"
    tabindex="0"
  />
  <span
    data-floating-ui-focus-guard=""
    data-floating-ui-inert=""
    data-type="outside"
    role="button"
    style="border: 0px; height: 1px; margin: -1px; overflow: hidden; padding: 0px; position: fixed; white-space: nowrap; width: 1px; top: 0px; left: 0px;"
    tabindex="0"
  />
</DocumentFragment>
`;
