// Jest Snapshot v1, https://goo.gl/fbAQLP

exports[`ContextMenu component testing ContextMenu 1`] = `
<DocumentFragment>
  <button
    class="sc-AxjAm jXWceb sc-AxhUy kFchZA"
    data-testid="icon-wrapper"
  >
    <div
      class="sc-AxirZ kWeVrl"
    >
      <div
        class="sc-AxiKw iSBsKP"
        size="18"
      >
        <svg
          viewBox="0 0 18 18"
          xmlns="http://www.w3.org/2000/svg"
        >
          <path
            d="M0 0h18v18H0z"
            fill="none"
          />
          <path
            d="M11.5,3A1.5,1.5,0,1,0,13,4.5,1.5,1.5,0,0,0,11.5,3Zm0,10.5A1.5,1.5,0,1,0,13,15,1.5,1.5,0,0,0,11.5,13.5Zm0-5.25A1.5,1.5,0,1,0,13,9.75,1.5,1.5,0,0,0,11.5,8.25Z"
            fill="#0B82F4"
            transform="translate(-2.5 -0.75)"
          />
        </svg>
      </div>
    </div>
    <p
      class="sc-AxhCb gtbArF"
      color="#0B82F4"
      font-size="14px"
    />
  </button>
  <div
    class="sc-fzozJi jXQLm"
  >
    <div
      class="sc-AxmLO kcpTOR"
      data-popper-escaped="true"
      data-popper-placement="bottom-start"
      data-popper-reference-hidden="true"
      style="position: absolute; left: 0px; top: 0px; transform: translate(0px, 0px);"
    >
      <div
        class="sc-AxgMl eGmloN"
      >
        <div
          class="sc-AxirZ jsnPXP"
        >
          <hr
            class="sc-Axmtr YqLKd"
          />
        </div>
        <div
          class="sc-AxheI cvPbiY"
        >
          <p
            class="sc-AxhCb kdcBdC"
            color="#041C33"
            font-size="13px"
          >
            保存する
          </p>
        </div>
        <div
          class="sc-AxheI cvPbiY"
        >
          <p
            class="sc-AxhCb kdcBdC"
            color="#041C33"
            font-size="13px"
          >
            保存して実行する
          </p>
        </div>
        <div
          class="sc-AxirZ jsnPXP"
        >
          <hr
            class="sc-Axmtr YqLKd"
          />
        </div>
        <div
          class="sc-AxheI cvPbiY"
        >
          <p
            class="sc-AxhCb kdcBdC"
            color="#041C33"
            font-size="13px"
          >
            下書きとして保存する
          </p>
        </div>
        <div
          class="sc-AxheI cvPbiY"
        >
          <p
            class="sc-AxhCb kdcBdC"
            color="#041C33"
            font-size="13px"
          >
            やっぱり何もしない
          </p>
        </div>
      </div>
    </div>
  </div>
</DocumentFragment>
`;
