// Jest Snapshot v1, https://goo.gl/fbAQLP

exports[`Checkbox component testing Checkbox 1`] = `
<DocumentFragment>
  <label
    class="sc-dkzDqf bwjwyU"
  >
    <input
      class="sc-gsnTZi dKUPCs"
      readonly=""
      type="checkbox"
    />
    <span
      class="sc-hKMtZM euyNXk"
    />
  </label>
</DocumentFragment>
`;
