// Jest Snapshot v1, https://goo.gl/fbAQLP

exports[`Checkbox component testing Checkbox 1`] = `
<DocumentFragment>
  <label
    class="sc-dkzDqf hptzhY"
  >
    <div
      class="sc-bczRLJ kfAyjk"
    >
      <input
        class="sc-gsnTZi lbDqSh"
        readonly=""
        type="checkbox"
      />
      <span
        class="sc-hKMtZM cdJWbt"
      />
    </div>
  </label>
</DocumentFragment>
`;
